// Jest Snapshot v1, https://goo.gl/fbAQLP

exports[`Button it renders 1`] = `
<div>
  <button
    class="sc-bdVaJa fnUURf"
  >
    Login
  </button>
</div>
`;
